Archive member included because of file (symbol)

d:/nti/sdk_win_64/winavr/bin/../lib/gcc/avr/4.3.3/avr5\libgcc.a(_mulsi3.o)
                              ./FreeRTOS/Src/integer.o (__mulsi3)
d:/nti/sdk_win_64/winavr/bin/../lib/gcc/avr/4.3.3/avr5\libgcc.a(_udivmodsi4.o)
                              ./LCD_Program.o (__udivmodsi4)
d:/nti/sdk_win_64/winavr/bin/../lib/gcc/avr/4.3.3/avr5\libgcc.a(_divmodsi4.o)
                              ./FreeRTOS/Src/integer.o (__divmodsi4)
d:/nti/sdk_win_64/winavr/bin/../lib/gcc/avr/4.3.3/avr5\libgcc.a(_exit.o)
                              d:/nti/sdk_win_64/winavr/bin/../lib/gcc/avr/4.3.3/../../../../avr/lib/avr5/crtm32.o (exit)
d:/nti/sdk_win_64/winavr/bin/../lib/gcc/avr/4.3.3/avr5\libgcc.a(_copy_data.o)
                              ./FreeRTOS/Src/PollQ.o (__do_copy_data)
d:/nti/sdk_win_64/winavr/bin/../lib/gcc/avr/4.3.3/avr5\libgcc.a(_clear_bss.o)
                              ./FreeRTOS/Src/PollQ.o (__do_clear_bss)
d:/nti/sdk_win_64/winavr/bin/../lib/gcc/avr/4.3.3/avr5\libgcc.a(_fixunssfsi.o)
                              ./Motors_Program.o (__fixunssfsi)
d:/nti/sdk_win_64/winavr/bin/../lib/gcc/avr/4.3.3/avr5\libgcc.a(_addsub_sf.o)
                              d:/nti/sdk_win_64/winavr/bin/../lib/gcc/avr/4.3.3/avr5\libgcc.a(_fixunssfsi.o) (__subsf3)
d:/nti/sdk_win_64/winavr/bin/../lib/gcc/avr/4.3.3/avr5\libgcc.a(_div_sf.o)
                              ./Motors_Program.o (__divsf3)
d:/nti/sdk_win_64/winavr/bin/../lib/gcc/avr/4.3.3/avr5\libgcc.a(_ge_sf.o)
                              d:/nti/sdk_win_64/winavr/bin/../lib/gcc/avr/4.3.3/avr5\libgcc.a(_fixunssfsi.o) (__gesf2)
d:/nti/sdk_win_64/winavr/bin/../lib/gcc/avr/4.3.3/avr5\libgcc.a(_si_to_sf.o)
                              ./Motors_Program.o (__floatsisf)
d:/nti/sdk_win_64/winavr/bin/../lib/gcc/avr/4.3.3/avr5\libgcc.a(_sf_to_si.o)
                              d:/nti/sdk_win_64/winavr/bin/../lib/gcc/avr/4.3.3/avr5\libgcc.a(_fixunssfsi.o) (__fixsfsi)
d:/nti/sdk_win_64/winavr/bin/../lib/gcc/avr/4.3.3/avr5\libgcc.a(_thenan_sf.o)
                              d:/nti/sdk_win_64/winavr/bin/../lib/gcc/avr/4.3.3/avr5\libgcc.a(_addsub_sf.o) (__thenan_sf)
d:/nti/sdk_win_64/winavr/bin/../lib/gcc/avr/4.3.3/avr5\libgcc.a(_prologue.o)
                              d:/nti/sdk_win_64/winavr/bin/../lib/gcc/avr/4.3.3/avr5\libgcc.a(_addsub_sf.o) (__prologue_saves__)
d:/nti/sdk_win_64/winavr/bin/../lib/gcc/avr/4.3.3/avr5\libgcc.a(_epilogue.o)
                              d:/nti/sdk_win_64/winavr/bin/../lib/gcc/avr/4.3.3/avr5\libgcc.a(_addsub_sf.o) (__epilogue_restores__)
d:/nti/sdk_win_64/winavr/bin/../lib/gcc/avr/4.3.3/avr5\libgcc.a(_clzsi2.o)
                              d:/nti/sdk_win_64/winavr/bin/../lib/gcc/avr/4.3.3/avr5\libgcc.a(_si_to_sf.o) (__clzsi2)
d:/nti/sdk_win_64/winavr/bin/../lib/gcc/avr/4.3.3/avr5\libgcc.a(_pack_sf.o)
                              d:/nti/sdk_win_64/winavr/bin/../lib/gcc/avr/4.3.3/avr5\libgcc.a(_addsub_sf.o) (__pack_f)
d:/nti/sdk_win_64/winavr/bin/../lib/gcc/avr/4.3.3/avr5\libgcc.a(_unpack_sf.o)
                              d:/nti/sdk_win_64/winavr/bin/../lib/gcc/avr/4.3.3/avr5\libgcc.a(_addsub_sf.o) (__unpack_f)
d:/nti/sdk_win_64/winavr/bin/../lib/gcc/avr/4.3.3/avr5\libgcc.a(_fpcmp_parts_sf.o)
                              d:/nti/sdk_win_64/winavr/bin/../lib/gcc/avr/4.3.3/avr5\libgcc.a(_ge_sf.o) (__fpcmp_parts_f)
d:/nti/sdk_win_64/winavr/bin/../lib/gcc/avr/4.3.3/avr5\libgcc.a(_clz.o)
                              d:/nti/sdk_win_64/winavr/bin/../lib/gcc/avr/4.3.3/avr5\libgcc.a(_clzsi2.o) (__clz_tab)
d:/nti/sdk_win_64/winavr/bin/../lib/gcc/avr/4.3.3/../../../../avr/lib/avr5\libc.a(memcpy.o)
                              ./FreeRTOS/Src/queue.o (memcpy)

Allocating common symbols
Common symbol       size              file

ebBits              0x2               ./main.o
ebStateBits         0x2               ./main.o
egStates            0x2               ./main.o
egActions           0x2               ./main.o
bsPassword          0x2               ./main.o

Memory Configuration

Name             Origin             Length             Attributes
text             0x00000000         0x00020000         xr
data             0x00800060         0x0000ffa0         rw !x
eeprom           0x00810000         0x00010000         rw !x
fuse             0x00820000         0x00000400         rw !x
lock             0x00830000         0x00000400         rw !x
signature        0x00840000         0x00000400         rw !x
*default*        0x00000000         0xffffffff

Linker script and memory map

LOAD d:/nti/sdk_win_64/winavr/bin/../lib/gcc/avr/4.3.3/../../../../avr/lib/avr5/crtm32.o
LOAD ./FreeRTOS/Src/PollQ.o
LOAD ./FreeRTOS/Src/croutine.o
LOAD ./FreeRTOS/Src/event_groups.o
LOAD ./FreeRTOS/Src/heap_1.o
LOAD ./FreeRTOS/Src/integer.o
LOAD ./FreeRTOS/Src/list.o
LOAD ./FreeRTOS/Src/port.o
LOAD ./FreeRTOS/Src/queue.o
LOAD ./FreeRTOS/Src/tasks.o
LOAD ./ADC_Program.o
LOAD ./DIO_Program.o
LOAD ./KPD_Program.o
LOAD ./LCD_Program.o
LOAD ./LED_Program.o
LOAD ./Motors_Program.o
LOAD ./main.o
LOAD ./usart_driver.o
LOAD d:/nti/sdk_win_64/winavr/bin/../lib/gcc/avr/4.3.3/avr5\libgcc.a
LOAD d:/nti/sdk_win_64/winavr/bin/../lib/gcc/avr/4.3.3/../../../../avr/lib/avr5\libc.a
LOAD d:/nti/sdk_win_64/winavr/bin/../lib/gcc/avr/4.3.3/avr5\libgcc.a

.hash
 *(.hash)

.dynsym
 *(.dynsym)

.dynstr
 *(.dynstr)

.gnu.version
 *(.gnu.version)

.gnu.version_d
 *(.gnu.version_d)

.gnu.version_r
 *(.gnu.version_r)

.rel.init
 *(.rel.init)

.rela.init
 *(.rela.init)

.rel.text
 *(.rel.text)
 *(.rel.text.*)
 *(.rel.gnu.linkonce.t*)

.rela.text
 *(.rela.text)
 *(.rela.text.*)
 *(.rela.gnu.linkonce.t*)

.rel.fini
 *(.rel.fini)

.rela.fini
 *(.rela.fini)

.rel.rodata
 *(.rel.rodata)
 *(.rel.rodata.*)
 *(.rel.gnu.linkonce.r*)

.rela.rodata
 *(.rela.rodata)
 *(.rela.rodata.*)
 *(.rela.gnu.linkonce.r*)

.rel.data
 *(.rel.data)
 *(.rel.data.*)
 *(.rel.gnu.linkonce.d*)

.rela.data
 *(.rela.data)
 *(.rela.data.*)
 *(.rela.gnu.linkonce.d*)

.rel.ctors
 *(.rel.ctors)

.rela.ctors
 *(.rela.ctors)

.rel.dtors
 *(.rel.dtors)

.rela.dtors
 *(.rela.dtors)

.rel.got
 *(.rel.got)

.rela.got
 *(.rela.got)

.rel.bss
 *(.rel.bss)

.rela.bss
 *(.rela.bss)

.rel.plt
 *(.rel.plt)

.rela.plt
 *(.rela.plt)

.text           0x00000000     0x3c44
 *(.vectors)
 .vectors       0x00000000       0x54 d:/nti/sdk_win_64/winavr/bin/../lib/gcc/avr/4.3.3/../../../../avr/lib/avr5/crtm32.o
                0x00000000                __vectors
                0x00000000                __vector_default
 *(.vectors)
 *(.progmem.gcc*)
 *(.progmem*)
                0x00000054                . = ALIGN (0x2)
                0x00000054                __trampolines_start = .
 *(.trampolines)
 .trampolines   0x00000054        0x0 linker stubs
 *(.trampolines*)
                0x00000054                __trampolines_end = .
 *(.jumptables)
 *(.jumptables*)
 *(.lowtext)
 *(.lowtext*)
                0x00000054                __ctors_start = .
 *(.ctors)
                0x00000054                __ctors_end = .
                0x00000054                __dtors_start = .
 *(.dtors)
                0x00000054                __dtors_end = .
 SORT(*)(.ctors)
 SORT(*)(.dtors)
 *(.init0)
 .init0         0x00000054        0x0 d:/nti/sdk_win_64/winavr/bin/../lib/gcc/avr/4.3.3/../../../../avr/lib/avr5/crtm32.o
                0x00000054                __init
 *(.init0)
 *(.init1)
 *(.init1)
 *(.init2)
 .init2         0x00000054        0xc d:/nti/sdk_win_64/winavr/bin/../lib/gcc/avr/4.3.3/../../../../avr/lib/avr5/crtm32.o
 *(.init2)
 *(.init3)
 *(.init3)
 *(.init4)
 .init4         0x00000060       0x16 d:/nti/sdk_win_64/winavr/bin/../lib/gcc/avr/4.3.3/avr5\libgcc.a(_copy_data.o)
                0x00000060                __do_copy_data
 .init4         0x00000076       0x10 d:/nti/sdk_win_64/winavr/bin/../lib/gcc/avr/4.3.3/avr5\libgcc.a(_clear_bss.o)
                0x00000076                __do_clear_bss
 *(.init4)
 *(.init5)
 *(.init5)
 *(.init6)
 *(.init6)
 *(.init7)
 *(.init7)
 *(.init8)
 *(.init8)
 *(.init9)
 .init9         0x00000086        0x8 d:/nti/sdk_win_64/winavr/bin/../lib/gcc/avr/4.3.3/../../../../avr/lib/avr5/crtm32.o
 *(.init9)
 *(.text)
 .text          0x0000008e        0x4 d:/nti/sdk_win_64/winavr/bin/../lib/gcc/avr/4.3.3/../../../../avr/lib/avr5/crtm32.o
                0x0000008e                __vector_1
                0x0000008e                __vector_12
                0x0000008e                __bad_interrupt
                0x0000008e                __vector_6
                0x0000008e                __vector_3
                0x0000008e                __vector_11
                0x0000008e                __vector_13
                0x0000008e                __vector_17
                0x0000008e                __vector_19
                0x0000008e                __vector_5
                0x0000008e                __vector_4
                0x0000008e                __vector_9
                0x0000008e                __vector_2
                0x0000008e                __vector_15
                0x0000008e                __vector_8
                0x0000008e                __vector_14
                0x0000008e                __vector_10
                0x0000008e                __vector_18
                0x0000008e                __vector_20
 .text          0x00000092        0x0 ./FreeRTOS/Src/PollQ.o
 .text          0x00000092        0x0 ./FreeRTOS/Src/croutine.o
 .text          0x00000092        0x0 ./FreeRTOS/Src/event_groups.o
 .text          0x00000092        0x0 ./FreeRTOS/Src/heap_1.o
 .text          0x00000092        0x0 ./FreeRTOS/Src/integer.o
 .text          0x00000092        0x0 ./FreeRTOS/Src/list.o
 .text          0x00000092        0x0 ./FreeRTOS/Src/port.o
 .text          0x00000092        0x0 ./FreeRTOS/Src/queue.o
 .text          0x00000092        0x0 ./FreeRTOS/Src/tasks.o
 .text          0x00000092        0x0 ./ADC_Program.o
 .text          0x00000092        0x0 ./DIO_Program.o
 .text          0x00000092        0x0 ./KPD_Program.o
 .text          0x00000092        0x0 ./LCD_Program.o
 .text          0x00000092        0x0 ./LED_Program.o
 .text          0x00000092        0x0 ./Motors_Program.o
 .text          0x00000092        0x0 ./main.o
 .text          0x00000092        0x0 ./usart_driver.o
 .text          0x00000092        0x0 d:/nti/sdk_win_64/winavr/bin/../lib/gcc/avr/4.3.3/avr5\libgcc.a(_mulsi3.o)
 .text          0x00000092        0x0 d:/nti/sdk_win_64/winavr/bin/../lib/gcc/avr/4.3.3/avr5\libgcc.a(_udivmodsi4.o)
 .text          0x00000092        0x0 d:/nti/sdk_win_64/winavr/bin/../lib/gcc/avr/4.3.3/avr5\libgcc.a(_divmodsi4.o)
 .text          0x00000092        0x0 d:/nti/sdk_win_64/winavr/bin/../lib/gcc/avr/4.3.3/avr5\libgcc.a(_exit.o)
 .text          0x00000092        0x0 d:/nti/sdk_win_64/winavr/bin/../lib/gcc/avr/4.3.3/avr5\libgcc.a(_copy_data.o)
 .text          0x00000092        0x0 d:/nti/sdk_win_64/winavr/bin/../lib/gcc/avr/4.3.3/avr5\libgcc.a(_clear_bss.o)
 .text          0x00000092       0x58 d:/nti/sdk_win_64/winavr/bin/../lib/gcc/avr/4.3.3/avr5\libgcc.a(_fixunssfsi.o)
                0x00000092                __fixunssfsi
 .text          0x000000ea      0x354 d:/nti/sdk_win_64/winavr/bin/../lib/gcc/avr/4.3.3/avr5\libgcc.a(_addsub_sf.o)
                0x00000382                __subsf3
                0x000003e4                __addsf3
 .text          0x0000043e      0x158 d:/nti/sdk_win_64/winavr/bin/../lib/gcc/avr/4.3.3/avr5\libgcc.a(_div_sf.o)
                0x0000043e                __divsf3
 .text          0x00000596       0x60 d:/nti/sdk_win_64/winavr/bin/../lib/gcc/avr/4.3.3/avr5\libgcc.a(_ge_sf.o)
                0x00000596                __gesf2
 .text          0x000005f6       0xbc d:/nti/sdk_win_64/winavr/bin/../lib/gcc/avr/4.3.3/avr5\libgcc.a(_si_to_sf.o)
                0x000005f6                __floatsisf
 .text          0x000006b2       0xa8 d:/nti/sdk_win_64/winavr/bin/../lib/gcc/avr/4.3.3/avr5\libgcc.a(_sf_to_si.o)
                0x000006b2                __fixsfsi
 .text          0x0000075a        0x0 d:/nti/sdk_win_64/winavr/bin/../lib/gcc/avr/4.3.3/avr5\libgcc.a(_thenan_sf.o)
 .text          0x0000075a        0x0 d:/nti/sdk_win_64/winavr/bin/../lib/gcc/avr/4.3.3/avr5\libgcc.a(_prologue.o)
 .text          0x0000075a        0x0 d:/nti/sdk_win_64/winavr/bin/../lib/gcc/avr/4.3.3/avr5\libgcc.a(_epilogue.o)
 .text          0x0000075a       0x9e d:/nti/sdk_win_64/winavr/bin/../lib/gcc/avr/4.3.3/avr5\libgcc.a(_clzsi2.o)
                0x0000075a                __clzsi2
 .text          0x000007f8      0x1aa d:/nti/sdk_win_64/winavr/bin/../lib/gcc/avr/4.3.3/avr5\libgcc.a(_pack_sf.o)
                0x000007f8                __pack_f
 .text          0x000009a2       0xf0 d:/nti/sdk_win_64/winavr/bin/../lib/gcc/avr/4.3.3/avr5\libgcc.a(_unpack_sf.o)
                0x000009a2                __unpack_f
 .text          0x00000a92       0xb2 d:/nti/sdk_win_64/winavr/bin/../lib/gcc/avr/4.3.3/avr5\libgcc.a(_fpcmp_parts_sf.o)
                0x00000a92                __fpcmp_parts_f
 .text          0x00000b44        0x0 d:/nti/sdk_win_64/winavr/bin/../lib/gcc/avr/4.3.3/avr5\libgcc.a(_clz.o)
 .text          0x00000b44        0x0 d:/nti/sdk_win_64/winavr/bin/../lib/gcc/avr/4.3.3/../../../../avr/lib/avr5\libc.a(memcpy.o)
                0x00000b44                . = ALIGN (0x2)
 *(.text.*)
 .text.xArePollingQueuesStillRunning
                0x00000b44       0x1a ./FreeRTOS/Src/PollQ.o
                0x00000b44                xArePollingQueuesStillRunning
 .text.vStartPolledQueueTasks
                0x00000b5e       0x78 ./FreeRTOS/Src/PollQ.o
                0x00000b5e                vStartPolledQueueTasks
 .text.vPolledQueueProducer
                0x00000bd6       0x78 ./FreeRTOS/Src/PollQ.o
 .text.vPolledQueueConsumer
                0x00000c4e       0x92 ./FreeRTOS/Src/PollQ.o
 .text.xCoRoutineRemoveFromEventList
                0x00000ce0       0x50 ./FreeRTOS/Src/croutine.o
                0x00000ce0                xCoRoutineRemoveFromEventList
 .text.vCoRoutineSchedule
                0x00000d30      0x1c0 ./FreeRTOS/Src/croutine.o
                0x00000d30                vCoRoutineSchedule
 .text.vCoRoutineAddToDelayedList
                0x00000ef0       0x7a ./FreeRTOS/Src/croutine.o
                0x00000ef0                vCoRoutineAddToDelayedList
 .text.xCoRoutineCreate
                0x00000f6a       0xf4 ./FreeRTOS/Src/croutine.o
                0x00000f6a                xCoRoutineCreate
 .text.xEventGroupClearBits
                0x0000105e       0x20 ./FreeRTOS/Src/event_groups.o
                0x0000105e                xEventGroupClearBits
 .text.xEventGroupGetBitsFromISR
                0x0000107e        0x8 ./FreeRTOS/Src/event_groups.o
                0x0000107e                xEventGroupGetBitsFromISR
 .text.vEventGroupClearBitsCallback
                0x00001086        0x8 ./FreeRTOS/Src/event_groups.o
                0x00001086                vEventGroupClearBitsCallback
 .text.vEventGroupDelete
                0x0000108e       0x2e ./FreeRTOS/Src/event_groups.o
                0x0000108e                vEventGroupDelete
 .text.xEventGroupSetBits
                0x000010bc       0xb0 ./FreeRTOS/Src/event_groups.o
                0x000010bc                xEventGroupSetBits
 .text.vEventGroupSetBitsCallback
                0x0000116c        0x8 ./FreeRTOS/Src/event_groups.o
                0x0000116c                vEventGroupSetBitsCallback
 .text.xEventGroupWaitBits
                0x00001174      0x100 ./FreeRTOS/Src/event_groups.o
                0x00001174                xEventGroupWaitBits
 .text.xEventGroupSync
                0x00001274       0xe6 ./FreeRTOS/Src/event_groups.o
                0x00001274                xEventGroupSync
 .text.xEventGroupCreate
                0x0000135a       0x26 ./FreeRTOS/Src/event_groups.o
                0x0000135a                xEventGroupCreate
 .text.vPortFree
                0x00001380        0x2 ./FreeRTOS/Src/heap_1.o
                0x00001380                vPortFree
 .text.vPortInitialiseBlocks
                0x00001382        0xa ./FreeRTOS/Src/heap_1.o
                0x00001382                vPortInitialiseBlocks
 .text.xPortGetFreeHeapSize
                0x0000138c       0x14 ./FreeRTOS/Src/heap_1.o
                0x0000138c                xPortGetFreeHeapSize
 .text.pvPortMalloc
                0x000013a0       0x64 ./FreeRTOS/Src/heap_1.o
                0x000013a0                pvPortMalloc
 .text.vCompeteingIntMathTask
                0x00001404       0xc0 ./FreeRTOS/Src/integer.o
 .text.xAreIntegerMathsTaskStillRunning
                0x000014c4        0xe ./FreeRTOS/Src/integer.o
                0x000014c4                xAreIntegerMathsTaskStillRunning
 .text.vStartIntegerMathTasks
                0x000014d2       0x40 ./FreeRTOS/Src/integer.o
                0x000014d2                vStartIntegerMathTasks
 .text.vListInitialise
                0x00001512       0x20 ./FreeRTOS/Src/list.o
                0x00001512                vListInitialise
 .text.vListInitialiseItem
                0x00001532        0x8 ./FreeRTOS/Src/list.o
                0x00001532                vListInitialiseItem
 .text.vListInsertEnd
                0x0000153a       0x3e ./FreeRTOS/Src/list.o
                0x0000153a                vListInsertEnd
 .text.vListInsert
                0x00001578       0x64 ./FreeRTOS/Src/list.o
                0x00001578                vListInsert
 .text.uxListRemove
                0x000015dc       0x54 ./FreeRTOS/Src/list.o
                0x000015dc                uxListRemove
 .text.pxPortInitialiseStack
                0x00001630       0x90 ./FreeRTOS/Src/port.o
                0x00001630                pxPortInitialiseStack
 .text.xPortStartScheduler
                0x000016c0       0x6a ./FreeRTOS/Src/port.o
                0x000016c0                xPortStartScheduler
 .text.vPortEndScheduler
                0x0000172a        0x2 ./FreeRTOS/Src/port.o
                0x0000172a                vPortEndScheduler
 .text.vPortYieldFromTick
                0x0000172c       0xba ./FreeRTOS/Src/port.o
                0x0000172c                vPortYieldFromTick
 .text.__vector_7
                0x000017e6        0x6 ./FreeRTOS/Src/port.o
                0x000017e6                __vector_7
 .text.vPortYield
                0x000017ec       0xb2 ./FreeRTOS/Src/port.o
                0x000017ec                vPortYield
 .text.uxQueueMessagesWaiting
                0x0000189e       0x10 ./FreeRTOS/Src/queue.o
                0x0000189e                uxQueueMessagesWaiting
 .text.uxQueueSpacesAvailable
                0x000018ae       0x14 ./FreeRTOS/Src/queue.o
                0x000018ae                uxQueueSpacesAvailable
 .text.uxQueueMessagesWaitingFromISR
                0x000018c2        0x6 ./FreeRTOS/Src/queue.o
                0x000018c2                uxQueueMessagesWaitingFromISR
 .text.xQueueIsQueueEmptyFromISR
                0x000018c8       0x10 ./FreeRTOS/Src/queue.o
                0x000018c8                xQueueIsQueueEmptyFromISR
 .text.xQueueIsQueueFullFromISR
                0x000018d8       0x12 ./FreeRTOS/Src/queue.o
                0x000018d8                xQueueIsQueueFullFromISR
 .text.prvCopyDataToQueue
                0x000018ea       0x98 ./FreeRTOS/Src/queue.o
 .text.prvCopyDataFromQueue
                0x00001982       0x3c ./FreeRTOS/Src/queue.o
 .text.xQueuePeekFromISR
                0x000019be       0x2a ./FreeRTOS/Src/queue.o
                0x000019be                xQueuePeekFromISR
 .text.xQueueCRReceiveFromISR
                0x000019e8       0x76 ./FreeRTOS/Src/queue.o
                0x000019e8                xQueueCRReceiveFromISR
 .text.xQueueCRSendFromISR
                0x00001a5e       0x3e ./FreeRTOS/Src/queue.o
                0x00001a5e                xQueueCRSendFromISR
 .text.xQueueCRReceive
                0x00001a9c       0x8a ./FreeRTOS/Src/queue.o
                0x00001a9c                xQueueCRReceive
 .text.xQueueCRSend
                0x00001b26       0x6c ./FreeRTOS/Src/queue.o
                0x00001b26                xQueueCRSend
 .text.vQueueDelete
                0x00001b92       0x1e ./FreeRTOS/Src/queue.o
                0x00001b92                vQueueDelete
 .text.xQueueReceiveFromISR
                0x00001bb0       0x56 ./FreeRTOS/Src/queue.o
                0x00001bb0                xQueueReceiveFromISR
 .text.xQueueGenericSendFromISR
                0x00001c06       0x6c ./FreeRTOS/Src/queue.o
                0x00001c06                xQueueGenericSendFromISR
 .text.prvUnlockQueue
                0x00001c72       0x80 ./FreeRTOS/Src/queue.o
 .text.xQueueGenericReceive
                0x00001cf2      0x166 ./FreeRTOS/Src/queue.o
                0x00001cf2                xQueueGenericReceive
 .text.xQueueGenericSend
                0x00001e58      0x156 ./FreeRTOS/Src/queue.o
                0x00001e58                xQueueGenericSend
 .text.xQueueGenericReset
                0x00001fae       0x84 ./FreeRTOS/Src/queue.o
                0x00001fae                xQueueGenericReset
 .text.xQueueGenericCreate
                0x00002032       0x58 ./FreeRTOS/Src/queue.o
                0x00002032                xQueueGenericCreate
 .text.vTaskSuspendAll
                0x0000208a        0xc ./FreeRTOS/Src/tasks.o
                0x0000208a                vTaskSuspendAll
 .text.xTaskGetTickCount
                0x00002096       0x16 ./FreeRTOS/Src/tasks.o
                0x00002096                xTaskGetTickCount
 .text.xTaskGetTickCountFromISR
                0x000020ac        0xc ./FreeRTOS/Src/tasks.o
                0x000020ac                xTaskGetTickCountFromISR
 .text.uxTaskGetNumberOfTasks
                0x000020b8        0x6 ./FreeRTOS/Src/tasks.o
                0x000020b8                uxTaskGetNumberOfTasks
 .text.vTaskSwitchContext
                0x000020be       0x92 ./FreeRTOS/Src/tasks.o
                0x000020be                vTaskSwitchContext
 .text.vTaskSetTimeOutState
                0x00002150       0x16 ./FreeRTOS/Src/tasks.o
                0x00002150                vTaskSetTimeOutState
 .text.xTaskCheckForTimeOut
                0x00002166       0x66 ./FreeRTOS/Src/tasks.o
                0x00002166                xTaskCheckForTimeOut
 .text.vTaskMissedYield
                0x000021cc        0x8 ./FreeRTOS/Src/tasks.o
                0x000021cc                vTaskMissedYield
 .text.uxTaskResetEventItemValue
                0x000021d4       0x30 ./FreeRTOS/Src/tasks.o
                0x000021d4                uxTaskResetEventItemValue
 .text.xTaskRemoveFromUnorderedEventList
                0x00002204       0x68 ./FreeRTOS/Src/tasks.o
                0x00002204                xTaskRemoveFromUnorderedEventList
 .text.xTaskRemoveFromEventList
                0x0000226c       0x80 ./FreeRTOS/Src/tasks.o
                0x0000226c                xTaskRemoveFromEventList
 .text.xTaskIncrementTick
                0x000022ec      0x194 ./FreeRTOS/Src/tasks.o
                0x000022ec                xTaskIncrementTick
 .text.prvAddCurrentTaskToDelayedList
                0x00002480       0x6e ./FreeRTOS/Src/tasks.o
 .text.vTaskPlaceOnUnorderedEventList
                0x000024ee       0x48 ./FreeRTOS/Src/tasks.o
                0x000024ee                vTaskPlaceOnUnorderedEventList
 .text.vTaskPlaceOnEventList
                0x00002536       0x3a ./FreeRTOS/Src/tasks.o
                0x00002536                vTaskPlaceOnEventList
 .text.xTaskResumeAll
                0x00002570       0xe4 ./FreeRTOS/Src/tasks.o
                0x00002570                xTaskResumeAll
 .text.prvIdleTask
                0x00002654       0x10 ./FreeRTOS/Src/tasks.o
 .text.vTaskDelay
                0x00002664       0x4e ./FreeRTOS/Src/tasks.o
                0x00002664                vTaskDelay
 .text.vTaskDelayUntil
                0x000026b2       0x70 ./FreeRTOS/Src/tasks.o
                0x000026b2                vTaskDelayUntil
 .text.vTaskEndScheduler
                0x00002722        0xc ./FreeRTOS/Src/tasks.o
                0x00002722                vTaskEndScheduler
 .text.xTaskGenericCreate
                0x0000272e      0x1ec ./FreeRTOS/Src/tasks.o
                0x0000272e                xTaskGenericCreate
 .text.vTaskStartScheduler
                0x0000291a       0x56 ./FreeRTOS/Src/tasks.o
                0x0000291a                vTaskStartScheduler
 .text.ADC_voidInit
                0x00002970       0x12 ./ADC_Program.o
                0x00002970                ADC_voidInit
 .text.ADC_u8GetDigitalValueSynchronous
                0x00002982       0x5c ./ADC_Program.o
                0x00002982                ADC_u8GetDigitalValueSynchronous
 .text.ADC_u8GetDigitalValueAsynchronous
                0x000029de       0x3a ./ADC_Program.o
                0x000029de                ADC_u8GetDigitalValueAsynchronous
 .text.__vector_16
                0x00002a18       0x5c ./ADC_Program.o
                0x00002a18                __vector_16
 .text.DIO_voidInit
                0x00002a74       0x1a ./DIO_Program.o
                0x00002a74                DIO_voidInit
 .text.DIO_u8SetPinDirection
                0x00002a8e       0xf4 ./DIO_Program.o
                0x00002a8e                DIO_u8SetPinDirection
 .text.DIO_u8SetPinValue
                0x00002b82       0xf4 ./DIO_Program.o
                0x00002b82                DIO_u8SetPinValue
 .text.DIO_u8GetPinValue
                0x00002c76       0x64 ./DIO_Program.o
                0x00002c76                DIO_u8GetPinValue
 .text.DIO_u8TogglePinValue
                0x00002cda       0x78 ./DIO_Program.o
                0x00002cda                DIO_u8TogglePinValue
 .text.DIO_u8SetPortDirection
                0x00002d52       0x58 ./DIO_Program.o
                0x00002d52                DIO_u8SetPortDirection
 .text.DIO_u8SetPortValue
                0x00002daa       0x2e ./DIO_Program.o
                0x00002daa                DIO_u8SetPortValue
 .text.DIO_u8GetPortValue
                0x00002dd8       0x36 ./DIO_Program.o
                0x00002dd8                DIO_u8GetPortValue
 .text.KPD_u8GetSwitch
                0x00002e0e      0x116 ./KPD_Program.o
                0x00002e0e                KPD_u8GetSwitch
 .text.Private_voidWriteHalfPort
                0x00002f24       0x60 ./LCD_Program.o
 .text.LCD_voidWriteChar
                0x00002f84       0x6c ./LCD_Program.o
                0x00002f84                LCD_voidWriteChar
 .text.LCD_voidWriteNumber
                0x00002ff0       0xd0 ./LCD_Program.o
                0x00002ff0                LCD_voidWriteNumber
 .text.LCD_voidWriteStr
                0x000030c0       0x18 ./LCD_Program.o
                0x000030c0                LCD_voidWriteStr
 .text.LCD_voidSendCmd
                0x000030d8       0x6c ./LCD_Program.o
                0x000030d8                LCD_voidSendCmd
 .text.LCD_voidClear
                0x00003144        0x8 ./LCD_Program.o
                0x00003144                LCD_voidClear
 .text.LCD_voidSetCursor
                0x0000314c       0x1e ./LCD_Program.o
                0x0000314c                LCD_voidSetCursor
 .text.LCD_voidWriteSpecialCharacter
                0x0000316a       0x7a ./LCD_Program.o
                0x0000316a                LCD_voidWriteSpecialCharacter
 .text.LCD_voidInit
                0x000031e4       0x5e ./LCD_Program.o
                0x000031e4                LCD_voidInit
 .text.LED_u8Toggle
                0x00003242       0x1a ./LED_Program.o
                0x00003242                LED_u8Toggle
 .text.LED_u8TurnOff
                0x0000325c       0x2e ./LED_Program.o
                0x0000325c                LED_u8TurnOff
 .text.LED_u8TurnOn
                0x0000328a       0x2e ./LED_Program.o
                0x0000328a                LED_u8TurnOn
 .text.Motors_voidDCMotorOFF
                0x000032b8       0x16 ./Motors_Program.o
                0x000032b8                Motors_voidDCMotorOFF
 .text.Motors_voidDCMotorON
                0x000032ce       0x34 ./Motors_Program.o
                0x000032ce                Motors_voidDCMotorON
 .text.Motors_voidStepperMotorOFF
                0x00003302       0x34 ./Motors_Program.o
                0x00003302                Motors_voidStepperMotorOFF
 .text.Motors_voidStepperMotorON
                0x00003336      0x116 ./Motors_Program.o
                0x00003336                Motors_voidStepperMotorON
 .text.system_init
                0x0000344c       0x26 ./main.o
                0x0000344c                system_init
 .text.T_Display
                0x00003472      0x126 ./main.o
                0x00003472                T_Display
 .text.T_LDRSensor
                0x00003598       0x60 ./main.o
                0x00003598                T_LDRSensor
 .text.T_TemperatureSensor
                0x000035f8       0x60 ./main.o
                0x000035f8                T_TemperatureSensor
 .text.T_Login  0x00003658      0x28a ./main.o
                0x00003658                T_Login
 .text.T_Actuators
                0x000038e2       0xde ./main.o
                0x000038e2                T_Actuators
 .text.main     0x000039c0       0xf2 ./main.o
                0x000039c0                main
 .text.usart_init
                0x00003ab2       0x32 ./usart_driver.o
                0x00003ab2                usart_init
 .text.usart_getc
                0x00003ae4        0x8 ./usart_driver.o
                0x00003ae4                usart_getc
 .text.usart_putc
                0x00003aec        0x8 ./usart_driver.o
                0x00003aec                usart_putc
 .text.usart_puts
                0x00003af4       0x14 ./usart_driver.o
                0x00003af4                usart_puts
 .text.libgcc   0x00003b08       0x3e d:/nti/sdk_win_64/winavr/bin/../lib/gcc/avr/4.3.3/avr5\libgcc.a(_mulsi3.o)
                0x00003b08                __mulsi3
 .text.libgcc   0x00003b46       0x44 d:/nti/sdk_win_64/winavr/bin/../lib/gcc/avr/4.3.3/avr5\libgcc.a(_udivmodsi4.o)
                0x00003b46                __udivmodsi4
 .text.libgcc   0x00003b8a       0x36 d:/nti/sdk_win_64/winavr/bin/../lib/gcc/avr/4.3.3/avr5\libgcc.a(_divmodsi4.o)
                0x00003b8a                __divmodsi4
 .text.libgcc   0x00003bc0        0x0 d:/nti/sdk_win_64/winavr/bin/../lib/gcc/avr/4.3.3/avr5\libgcc.a(_exit.o)
 .text.libgcc   0x00003bc0        0x0 d:/nti/sdk_win_64/winavr/bin/../lib/gcc/avr/4.3.3/avr5\libgcc.a(_copy_data.o)
 .text.libgcc   0x00003bc0        0x0 d:/nti/sdk_win_64/winavr/bin/../lib/gcc/avr/4.3.3/avr5\libgcc.a(_clear_bss.o)
 .text.libgcc   0x00003bc0       0x38 d:/nti/sdk_win_64/winavr/bin/../lib/gcc/avr/4.3.3/avr5\libgcc.a(_prologue.o)
                0x00003bc0                __prologue_saves__
 .text.libgcc   0x00003bf8       0x36 d:/nti/sdk_win_64/winavr/bin/../lib/gcc/avr/4.3.3/avr5\libgcc.a(_epilogue.o)
                0x00003bf8                __epilogue_restores__
 .text.avr-libc
                0x00003c2e       0x12 d:/nti/sdk_win_64/winavr/bin/../lib/gcc/avr/4.3.3/../../../../avr/lib/avr5\libc.a(memcpy.o)
                0x00003c2e                memcpy
                0x00003c40                . = ALIGN (0x2)
 *(.fini9)
 .fini9         0x00003c40        0x0 d:/nti/sdk_win_64/winavr/bin/../lib/gcc/avr/4.3.3/avr5\libgcc.a(_exit.o)
                0x00003c40                exit
                0x00003c40                _exit
 *(.fini9)
 *(.fini8)
 *(.fini8)
 *(.fini7)
 *(.fini7)
 *(.fini6)
 *(.fini6)
 *(.fini5)
 *(.fini5)
 *(.fini4)
 *(.fini4)
 *(.fini3)
 *(.fini3)
 *(.fini2)
 *(.fini2)
 *(.fini1)
 *(.fini1)
 *(.fini0)
 .fini0         0x00003c40        0x4 d:/nti/sdk_win_64/winavr/bin/../lib/gcc/avr/4.3.3/avr5\libgcc.a(_exit.o)
 *(.fini0)
                0x00003c44                _etext = .

.data           0x00800060      0x1c8 load address 0x00003c44
                0x00800060                PROVIDE (__data_start, .)
 *(.data)
 .data          0x00800060        0x0 d:/nti/sdk_win_64/winavr/bin/../lib/gcc/avr/4.3.3/../../../../avr/lib/avr5/crtm32.o
 .data          0x00800060       0x10 ./FreeRTOS/Src/PollQ.o
 .data          0x00800070        0x0 ./FreeRTOS/Src/croutine.o
 .data          0x00800070        0x0 ./FreeRTOS/Src/event_groups.o
 .data          0x00800070        0x0 ./FreeRTOS/Src/heap_1.o
 .data          0x00800070        0x8 ./FreeRTOS/Src/integer.o
 .data          0x00800078        0x0 ./FreeRTOS/Src/list.o
 .data          0x00800078        0x0 ./FreeRTOS/Src/port.o
 .data          0x00800078        0x0 ./FreeRTOS/Src/queue.o
 .data          0x00800078        0x5 ./FreeRTOS/Src/tasks.o
 .data          0x0080007d        0x0 ./ADC_Program.o
 .data          0x0080007d        0x0 ./DIO_Program.o
 .data          0x0080007d        0x0 ./KPD_Program.o
 .data          0x0080007d        0x0 ./LCD_Program.o
 .data          0x0080007d        0x0 ./LED_Program.o
 .data          0x0080007d        0x0 ./Motors_Program.o
 .data          0x0080007d       0x86 ./main.o
 .data          0x00800103        0x0 ./usart_driver.o
 .data          0x00800103        0x0 d:/nti/sdk_win_64/winavr/bin/../lib/gcc/avr/4.3.3/avr5\libgcc.a(_mulsi3.o)
 .data          0x00800103        0x0 d:/nti/sdk_win_64/winavr/bin/../lib/gcc/avr/4.3.3/avr5\libgcc.a(_udivmodsi4.o)
 .data          0x00800103        0x0 d:/nti/sdk_win_64/winavr/bin/../lib/gcc/avr/4.3.3/avr5\libgcc.a(_divmodsi4.o)
 .data          0x00800103        0x0 d:/nti/sdk_win_64/winavr/bin/../lib/gcc/avr/4.3.3/avr5\libgcc.a(_exit.o)
 .data          0x00800103        0x0 d:/nti/sdk_win_64/winavr/bin/../lib/gcc/avr/4.3.3/avr5\libgcc.a(_copy_data.o)
 .data          0x00800103        0x0 d:/nti/sdk_win_64/winavr/bin/../lib/gcc/avr/4.3.3/avr5\libgcc.a(_clear_bss.o)
 .data          0x00800103        0x0 d:/nti/sdk_win_64/winavr/bin/../lib/gcc/avr/4.3.3/avr5\libgcc.a(_fixunssfsi.o)
 .data          0x00800103        0x0 d:/nti/sdk_win_64/winavr/bin/../lib/gcc/avr/4.3.3/avr5\libgcc.a(_addsub_sf.o)
 .data          0x00800103        0x0 d:/nti/sdk_win_64/winavr/bin/../lib/gcc/avr/4.3.3/avr5\libgcc.a(_div_sf.o)
 .data          0x00800103        0x0 d:/nti/sdk_win_64/winavr/bin/../lib/gcc/avr/4.3.3/avr5\libgcc.a(_ge_sf.o)
 .data          0x00800103        0x0 d:/nti/sdk_win_64/winavr/bin/../lib/gcc/avr/4.3.3/avr5\libgcc.a(_si_to_sf.o)
 .data          0x00800103        0x0 d:/nti/sdk_win_64/winavr/bin/../lib/gcc/avr/4.3.3/avr5\libgcc.a(_sf_to_si.o)
 .data          0x00800103        0x8 d:/nti/sdk_win_64/winavr/bin/../lib/gcc/avr/4.3.3/avr5\libgcc.a(_thenan_sf.o)
                0x00800103                __thenan_sf
 .data          0x0080010b        0x0 d:/nti/sdk_win_64/winavr/bin/../lib/gcc/avr/4.3.3/avr5\libgcc.a(_prologue.o)
 .data          0x0080010b        0x0 d:/nti/sdk_win_64/winavr/bin/../lib/gcc/avr/4.3.3/avr5\libgcc.a(_epilogue.o)
 .data          0x0080010b        0x0 d:/nti/sdk_win_64/winavr/bin/../lib/gcc/avr/4.3.3/avr5\libgcc.a(_clzsi2.o)
 .data          0x0080010b        0x0 d:/nti/sdk_win_64/winavr/bin/../lib/gcc/avr/4.3.3/avr5\libgcc.a(_pack_sf.o)
 .data          0x0080010b        0x0 d:/nti/sdk_win_64/winavr/bin/../lib/gcc/avr/4.3.3/avr5\libgcc.a(_unpack_sf.o)
 .data          0x0080010b        0x0 d:/nti/sdk_win_64/winavr/bin/../lib/gcc/avr/4.3.3/avr5\libgcc.a(_fpcmp_parts_sf.o)
 .data          0x0080010b      0x100 d:/nti/sdk_win_64/winavr/bin/../lib/gcc/avr/4.3.3/avr5\libgcc.a(_clz.o)
                0x0080010b                __clz_tab
 .data          0x0080020b        0x0 d:/nti/sdk_win_64/winavr/bin/../lib/gcc/avr/4.3.3/../../../../avr/lib/avr5\libc.a(memcpy.o)
 *(.data*)
 .data.xNextTaskUnblockTime
                0x0080020b        0x2 ./FreeRTOS/Src/tasks.o
 .data.Lights   0x0080020d        0x3 ./main.o
                0x0080020d                Lights
 .data.Smart    0x00800210        0x4 ./main.o
                0x00800210                Smart
 *(.rodata)
 *(.rodata*)
 .rodata.Local_Au8KPDValuesArr.1224
                0x00800214       0x10 ./KPD_Program.o
 .rodata.Local_Au8RowsPinsArr.1222
                0x00800224        0x4 ./KPD_Program.o
 *(.gnu.linkonce.d*)
                0x00800228                . = ALIGN (0x2)
                0x00800228                _edata = .
                0x00800228                PROVIDE (__data_end, .)

.bss            0x00800228      0x4ac
                0x00800228                PROVIDE (__bss_start, .)
 *(.bss)
 .bss           0x00800228        0x0 d:/nti/sdk_win_64/winavr/bin/../lib/gcc/avr/4.3.3/../../../../avr/lib/avr5/crtm32.o
 .bss           0x00800228        0x0 ./FreeRTOS/Src/PollQ.o
 .bss           0x00800228        0x0 ./FreeRTOS/Src/croutine.o
 .bss           0x00800228        0x0 ./FreeRTOS/Src/event_groups.o
 .bss           0x00800228        0x0 ./FreeRTOS/Src/heap_1.o
 .bss           0x00800228        0x0 ./FreeRTOS/Src/integer.o
 .bss           0x00800228        0x0 ./FreeRTOS/Src/list.o
 .bss           0x00800228        0x0 ./FreeRTOS/Src/port.o
 .bss           0x00800228        0x0 ./FreeRTOS/Src/queue.o
 .bss           0x00800228        0x0 ./FreeRTOS/Src/tasks.o
 .bss           0x00800228        0x0 ./ADC_Program.o
 .bss           0x00800228        0x0 ./DIO_Program.o
 .bss           0x00800228        0x0 ./KPD_Program.o
 .bss           0x00800228        0x0 ./LCD_Program.o
 .bss           0x00800228        0x0 ./LED_Program.o
 .bss           0x00800228        0x0 ./Motors_Program.o
 .bss           0x00800228        0x0 ./main.o
 .bss           0x00800228        0x0 ./usart_driver.o
 .bss           0x00800228        0x0 d:/nti/sdk_win_64/winavr/bin/../lib/gcc/avr/4.3.3/avr5\libgcc.a(_mulsi3.o)
 .bss           0x00800228        0x0 d:/nti/sdk_win_64/winavr/bin/../lib/gcc/avr/4.3.3/avr5\libgcc.a(_udivmodsi4.o)
 .bss           0x00800228        0x0 d:/nti/sdk_win_64/winavr/bin/../lib/gcc/avr/4.3.3/avr5\libgcc.a(_divmodsi4.o)
 .bss           0x00800228        0x0 d:/nti/sdk_win_64/winavr/bin/../lib/gcc/avr/4.3.3/avr5\libgcc.a(_exit.o)
 .bss           0x00800228        0x0 d:/nti/sdk_win_64/winavr/bin/../lib/gcc/avr/4.3.3/avr5\libgcc.a(_copy_data.o)
 .bss           0x00800228        0x0 d:/nti/sdk_win_64/winavr/bin/../lib/gcc/avr/4.3.3/avr5\libgcc.a(_clear_bss.o)
 .bss           0x00800228        0x0 d:/nti/sdk_win_64/winavr/bin/../lib/gcc/avr/4.3.3/avr5\libgcc.a(_fixunssfsi.o)
 .bss           0x00800228        0x0 d:/nti/sdk_win_64/winavr/bin/../lib/gcc/avr/4.3.3/avr5\libgcc.a(_addsub_sf.o)
 .bss           0x00800228        0x0 d:/nti/sdk_win_64/winavr/bin/../lib/gcc/avr/4.3.3/avr5\libgcc.a(_div_sf.o)
 .bss           0x00800228        0x0 d:/nti/sdk_win_64/winavr/bin/../lib/gcc/avr/4.3.3/avr5\libgcc.a(_ge_sf.o)
 .bss           0x00800228        0x0 d:/nti/sdk_win_64/winavr/bin/../lib/gcc/avr/4.3.3/avr5\libgcc.a(_si_to_sf.o)
 .bss           0x00800228        0x0 d:/nti/sdk_win_64/winavr/bin/../lib/gcc/avr/4.3.3/avr5\libgcc.a(_sf_to_si.o)
 .bss           0x00800228        0x0 d:/nti/sdk_win_64/winavr/bin/../lib/gcc/avr/4.3.3/avr5\libgcc.a(_thenan_sf.o)
 .bss           0x00800228        0x0 d:/nti/sdk_win_64/winavr/bin/../lib/gcc/avr/4.3.3/avr5\libgcc.a(_prologue.o)
 .bss           0x00800228        0x0 d:/nti/sdk_win_64/winavr/bin/../lib/gcc/avr/4.3.3/avr5\libgcc.a(_epilogue.o)
 .bss           0x00800228        0x0 d:/nti/sdk_win_64/winavr/bin/../lib/gcc/avr/4.3.3/avr5\libgcc.a(_clzsi2.o)
 .bss           0x00800228        0x0 d:/nti/sdk_win_64/winavr/bin/../lib/gcc/avr/4.3.3/avr5\libgcc.a(_pack_sf.o)
 .bss           0x00800228        0x0 d:/nti/sdk_win_64/winavr/bin/../lib/gcc/avr/4.3.3/avr5\libgcc.a(_unpack_sf.o)
 .bss           0x00800228        0x0 d:/nti/sdk_win_64/winavr/bin/../lib/gcc/avr/4.3.3/avr5\libgcc.a(_fpcmp_parts_sf.o)
 .bss           0x00800228        0x0 d:/nti/sdk_win_64/winavr/bin/../lib/gcc/avr/4.3.3/avr5\libgcc.a(_clz.o)
 .bss           0x00800228        0x0 d:/nti/sdk_win_64/winavr/bin/../lib/gcc/avr/4.3.3/../../../../avr/lib/avr5\libc.a(memcpy.o)
 *(.bss*)
 .bss.xPollingConsumerCount
                0x00800228        0x1 ./FreeRTOS/Src/PollQ.o
 .bss.xPollingProducerCount
                0x00800229        0x1 ./FreeRTOS/Src/PollQ.o
 .bss.xPolledQueue.1653
                0x0080022a        0x2 ./FreeRTOS/Src/PollQ.o
 .bss.pxCurrentCoRoutine
                0x0080022c        0x2 ./FreeRTOS/Src/croutine.o
                0x0080022c                pxCurrentCoRoutine
 .bss.uxTopCoRoutineReadyPriority
                0x0080022e        0x1 ./FreeRTOS/Src/croutine.o
 .bss.xLastTickCount
                0x0080022f        0x2 ./FreeRTOS/Src/croutine.o
 .bss.xPassedTicks
                0x00800231        0x2 ./FreeRTOS/Src/croutine.o
 .bss.xCoRoutineTickCount
                0x00800233        0x2 ./FreeRTOS/Src/croutine.o
 .bss.pxReadyCoRoutineLists
                0x00800235       0x12 ./FreeRTOS/Src/croutine.o
 .bss.xDelayedCoRoutineList1
                0x00800247        0x9 ./FreeRTOS/Src/croutine.o
 .bss.xDelayedCoRoutineList2
                0x00800250        0x9 ./FreeRTOS/Src/croutine.o
 .bss.pxDelayedCoRoutineList
                0x00800259        0x2 ./FreeRTOS/Src/croutine.o
 .bss.pxOverflowDelayedCoRoutineList
                0x0080025b        0x2 ./FreeRTOS/Src/croutine.o
 .bss.xPendingReadyCoRoutineList
                0x0080025d        0x9 ./FreeRTOS/Src/croutine.o
 .bss.xNextFreeByte
                0x00800266        0x2 ./FreeRTOS/Src/heap_1.o
 .bss.pucAlignedHeap.1541
                0x00800268        0x2 ./FreeRTOS/Src/heap_1.o
 .bss.ucHeap    0x0080026a      0x3e8 ./FreeRTOS/Src/heap_1.o
 .bss.xTaskCheck
                0x00800652        0x1 ./FreeRTOS/Src/integer.o
 .bss.pxCurrentTCB
                0x00800653        0x2 ./FreeRTOS/Src/tasks.o
                0x00800653                pxCurrentTCB
 .bss.xYieldPending
                0x00800655        0x1 ./FreeRTOS/Src/tasks.o
 .bss.xTickCount
                0x00800656        0x2 ./FreeRTOS/Src/tasks.o
 .bss.xNumOfOverflows
                0x00800658        0x1 ./FreeRTOS/Src/tasks.o
 .bss.uxTopReadyPriority
                0x00800659        0x1 ./FreeRTOS/Src/tasks.o
 .bss.uxSchedulerSuspended
                0x0080065a        0x1 ./FreeRTOS/Src/tasks.o
 .bss.uxPendedTicks
                0x0080065b        0x1 ./FreeRTOS/Src/tasks.o
 .bss.uxCurrentNumberOfTasks
                0x0080065c        0x1 ./FreeRTOS/Src/tasks.o
 .bss.xSchedulerRunning
                0x0080065d        0x1 ./FreeRTOS/Src/tasks.o
 .bss.uxTaskNumber
                0x0080065e        0x1 ./FreeRTOS/Src/tasks.o
 .bss.pxReadyTasksLists
                0x0080065f       0x3f ./FreeRTOS/Src/tasks.o
 .bss.xDelayedTaskList1
                0x0080069e        0x9 ./FreeRTOS/Src/tasks.o
 .bss.xDelayedTaskList2
                0x008006a7        0x9 ./FreeRTOS/Src/tasks.o
 .bss.pxDelayedTaskList
                0x008006b0        0x2 ./FreeRTOS/Src/tasks.o
 .bss.pxOverflowDelayedTaskList
                0x008006b2        0x2 ./FreeRTOS/Src/tasks.o
 .bss.xPendingReadyList
                0x008006b4        0x9 ./FreeRTOS/Src/tasks.o
 .bss.ADC_pfNotification
                0x008006bd        0x2 ./ADC_Program.o
 .bss.ADC_u8BusyFlag
                0x008006bf        0x1 ./ADC_Program.o
 .bss.Tl_handle
                0x008006c0        0x2 ./main.o
                0x008006c0                Tl_handle
 .bss.T2_handle
                0x008006c2        0x2 ./main.o
                0x008006c2                T2_handle
 .bss.T3_handle
                0x008006c4        0x2 ./main.o
                0x008006c4                T3_handle
 .bss.T4_handle
                0x008006c6        0x2 ./main.o
                0x008006c6                T4_handle
 .bss.T5_handle
                0x008006c8        0x2 ./main.o
                0x008006c8                T5_handle
 *(COMMON)
 COMMON         0x008006ca        0xa ./main.o
                0x008006ca                ebBits
                0x008006cc                ebStateBits
                0x008006ce                egStates
                0x008006d0                egActions
                0x008006d2                bsPassword
                0x008006d4                PROVIDE (__bss_end, .)
                0x00003c44                __data_load_start = LOADADDR (.data)
                0x00003e0c                __data_load_end = (__data_load_start + SIZEOF (.data))

.noinit         0x008006d4        0x0
                0x008006d4                PROVIDE (__noinit_start, .)
 *(.noinit*)
                0x008006d4                PROVIDE (__noinit_end, .)
                0x008006d4                _end = .
                0x008006d4                PROVIDE (__heap_start, .)

.eeprom         0x00810000        0x0
 *(.eeprom*)
                0x00810000                __eeprom_end = .

.fuse
 *(.fuse)
 *(.lfuse)
 *(.hfuse)
 *(.efuse)

.lock
 *(.lock*)

.signature
 *(.signature*)

.stab           0x00000000     0x74c4
 *(.stab)
 .stab          0x00000000      0x828 ./FreeRTOS/Src/PollQ.o
 .stab          0x00000828      0x738 ./FreeRTOS/Src/croutine.o
                                0xa68 (size before relaxing)
 .stab          0x00000f60      0x918 ./FreeRTOS/Src/event_groups.o
                                0xcd8 (size before relaxing)
 .stab          0x00001878      0x2f4 ./FreeRTOS/Src/heap_1.o
                                0x6b4 (size before relaxing)
 .stab          0x00001b6c      0x2f4 ./FreeRTOS/Src/integer.o
                                0x6b4 (size before relaxing)
 .stab          0x00001e60      0x468 ./FreeRTOS/Src/list.o
                                0x774 (size before relaxing)
 .stab          0x000022c8      0x558 ./FreeRTOS/Src/port.o
                                0x90c (size before relaxing)
 .stab          0x00002820     0x1218 ./FreeRTOS/Src/queue.o
                               0x1644 (size before relaxing)
 .stab          0x00003a38     0x1110 ./FreeRTOS/Src/tasks.o
                               0x1500 (size before relaxing)
 .stab          0x00004b48      0x3f0 ./ADC_Program.o
                                0x3fc (size before relaxing)
 .stab          0x00004f38      0x780 ./DIO_Program.o
                                0x810 (size before relaxing)
 .stab          0x000056b8      0x264 ./KPD_Program.o
                                0x2f4 (size before relaxing)
 .stab          0x0000591c      0x708 ./LCD_Program.o
                                0x918 (size before relaxing)
 .stab          0x00006024      0x288 ./LED_Program.o
                                0x318 (size before relaxing)
 .stab          0x000062ac      0x3fc ./Motors_Program.o
                                0x618 (size before relaxing)
 .stab          0x000066a8      0xba0 ./main.o
                               0x1044 (size before relaxing)
 .stab          0x00007248      0x27c ./usart_driver.o
                                0x438 (size before relaxing)

.stabstr        0x00000000     0x3b6c
 *(.stabstr)
 .stabstr       0x00000000     0x3b6c ./FreeRTOS/Src/PollQ.o

.stab.excl
 *(.stab.excl)

.stab.exclstr
 *(.stab.exclstr)

.stab.index
 *(.stab.index)

.stab.indexstr
 *(.stab.indexstr)

.comment
 *(.comment)

.debug
 *(.debug)

.line
 *(.line)

.debug_srcinfo
 *(.debug_srcinfo)

.debug_sfnames
 *(.debug_sfnames)

.debug_aranges  0x00000000      0x140
 *(.debug_aranges)
 .debug_aranges
                0x00000000       0x20 d:/nti/sdk_win_64/winavr/bin/../lib/gcc/avr/4.3.3/avr5\libgcc.a(_fixunssfsi.o)
 .debug_aranges
                0x00000020       0x20 d:/nti/sdk_win_64/winavr/bin/../lib/gcc/avr/4.3.3/avr5\libgcc.a(_addsub_sf.o)
 .debug_aranges
                0x00000040       0x20 d:/nti/sdk_win_64/winavr/bin/../lib/gcc/avr/4.3.3/avr5\libgcc.a(_div_sf.o)
 .debug_aranges
                0x00000060       0x20 d:/nti/sdk_win_64/winavr/bin/../lib/gcc/avr/4.3.3/avr5\libgcc.a(_ge_sf.o)
 .debug_aranges
                0x00000080       0x20 d:/nti/sdk_win_64/winavr/bin/../lib/gcc/avr/4.3.3/avr5\libgcc.a(_si_to_sf.o)
 .debug_aranges
                0x000000a0       0x20 d:/nti/sdk_win_64/winavr/bin/../lib/gcc/avr/4.3.3/avr5\libgcc.a(_sf_to_si.o)
 .debug_aranges
                0x000000c0       0x20 d:/nti/sdk_win_64/winavr/bin/../lib/gcc/avr/4.3.3/avr5\libgcc.a(_clzsi2.o)
 .debug_aranges
                0x000000e0       0x20 d:/nti/sdk_win_64/winavr/bin/../lib/gcc/avr/4.3.3/avr5\libgcc.a(_pack_sf.o)
 .debug_aranges
                0x00000100       0x20 d:/nti/sdk_win_64/winavr/bin/../lib/gcc/avr/4.3.3/avr5\libgcc.a(_unpack_sf.o)
 .debug_aranges
                0x00000120       0x20 d:/nti/sdk_win_64/winavr/bin/../lib/gcc/avr/4.3.3/avr5\libgcc.a(_fpcmp_parts_sf.o)

.debug_pubnames
                0x00000000      0x195
 *(.debug_pubnames)
 .debug_pubnames
                0x00000000       0x23 d:/nti/sdk_win_64/winavr/bin/../lib/gcc/avr/4.3.3/avr5\libgcc.a(_fixunssfsi.o)
 .debug_pubnames
                0x00000023       0x2c d:/nti/sdk_win_64/winavr/bin/../lib/gcc/avr/4.3.3/avr5\libgcc.a(_addsub_sf.o)
 .debug_pubnames
                0x0000004f       0x1f d:/nti/sdk_win_64/winavr/bin/../lib/gcc/avr/4.3.3/avr5\libgcc.a(_div_sf.o)
 .debug_pubnames
                0x0000006e       0x1e d:/nti/sdk_win_64/winavr/bin/../lib/gcc/avr/4.3.3/avr5\libgcc.a(_ge_sf.o)
 .debug_pubnames
                0x0000008c       0x22 d:/nti/sdk_win_64/winavr/bin/../lib/gcc/avr/4.3.3/avr5\libgcc.a(_si_to_sf.o)
 .debug_pubnames
                0x000000ae       0x20 d:/nti/sdk_win_64/winavr/bin/../lib/gcc/avr/4.3.3/avr5\libgcc.a(_sf_to_si.o)
 .debug_pubnames
                0x000000ce       0x22 d:/nti/sdk_win_64/winavr/bin/../lib/gcc/avr/4.3.3/avr5\libgcc.a(_thenan_sf.o)
 .debug_pubnames
                0x000000f0       0x1f d:/nti/sdk_win_64/winavr/bin/../lib/gcc/avr/4.3.3/avr5\libgcc.a(_clzsi2.o)
 .debug_pubnames
                0x0000010f       0x1f d:/nti/sdk_win_64/winavr/bin/../lib/gcc/avr/4.3.3/avr5\libgcc.a(_pack_sf.o)
 .debug_pubnames
                0x0000012e       0x21 d:/nti/sdk_win_64/winavr/bin/../lib/gcc/avr/4.3.3/avr5\libgcc.a(_unpack_sf.o)
 .debug_pubnames
                0x0000014f       0x26 d:/nti/sdk_win_64/winavr/bin/../lib/gcc/avr/4.3.3/avr5\libgcc.a(_fpcmp_parts_sf.o)
 .debug_pubnames
                0x00000175       0x20 d:/nti/sdk_win_64/winavr/bin/../lib/gcc/avr/4.3.3/avr5\libgcc.a(_clz.o)

.debug_info     0x00000000     0x1a89
 *(.debug_info)
 .debug_info    0x00000000       0xb1 d:/nti/sdk_win_64/winavr/bin/../lib/gcc/avr/4.3.3/avr5\libgcc.a(_fixunssfsi.o)
 .debug_info    0x000000b1      0x47a d:/nti/sdk_win_64/winavr/bin/../lib/gcc/avr/4.3.3/avr5\libgcc.a(_addsub_sf.o)
 .debug_info    0x0000052b      0x3fc d:/nti/sdk_win_64/winavr/bin/../lib/gcc/avr/4.3.3/avr5\libgcc.a(_div_sf.o)
 .debug_info    0x00000927      0x27f d:/nti/sdk_win_64/winavr/bin/../lib/gcc/avr/4.3.3/avr5\libgcc.a(_ge_sf.o)
 .debug_info    0x00000ba6      0x207 d:/nti/sdk_win_64/winavr/bin/../lib/gcc/avr/4.3.3/avr5\libgcc.a(_si_to_sf.o)
 .debug_info    0x00000dad      0x2b0 d:/nti/sdk_win_64/winavr/bin/../lib/gcc/avr/4.3.3/avr5\libgcc.a(_sf_to_si.o)
 .debug_info    0x0000105d      0x12c d:/nti/sdk_win_64/winavr/bin/../lib/gcc/avr/4.3.3/avr5\libgcc.a(_thenan_sf.o)
 .debug_info    0x00001189      0x117 d:/nti/sdk_win_64/winavr/bin/../lib/gcc/avr/4.3.3/avr5\libgcc.a(_clzsi2.o)
 .debug_info    0x000012a0      0x2df d:/nti/sdk_win_64/winavr/bin/../lib/gcc/avr/4.3.3/avr5\libgcc.a(_pack_sf.o)
 .debug_info    0x0000157f      0x251 d:/nti/sdk_win_64/winavr/bin/../lib/gcc/avr/4.3.3/avr5\libgcc.a(_unpack_sf.o)
 .debug_info    0x000017d0      0x210 d:/nti/sdk_win_64/winavr/bin/../lib/gcc/avr/4.3.3/avr5\libgcc.a(_fpcmp_parts_sf.o)
 .debug_info    0x000019e0       0xa9 d:/nti/sdk_win_64/winavr/bin/../lib/gcc/avr/4.3.3/avr5\libgcc.a(_clz.o)
 *(.gnu.linkonce.wi.*)

.debug_abbrev   0x00000000      0xea8
 *(.debug_abbrev)
 .debug_abbrev  0x00000000       0x5d d:/nti/sdk_win_64/winavr/bin/../lib/gcc/avr/4.3.3/avr5\libgcc.a(_fixunssfsi.o)
 .debug_abbrev  0x0000005d      0x1ea d:/nti/sdk_win_64/winavr/bin/../lib/gcc/avr/4.3.3/avr5\libgcc.a(_addsub_sf.o)
 .debug_abbrev  0x00000247      0x216 d:/nti/sdk_win_64/winavr/bin/../lib/gcc/avr/4.3.3/avr5\libgcc.a(_div_sf.o)
 .debug_abbrev  0x0000045d      0x15a d:/nti/sdk_win_64/winavr/bin/../lib/gcc/avr/4.3.3/avr5\libgcc.a(_ge_sf.o)
 .debug_abbrev  0x000005b7      0x148 d:/nti/sdk_win_64/winavr/bin/../lib/gcc/avr/4.3.3/avr5\libgcc.a(_si_to_sf.o)
 .debug_abbrev  0x000006ff      0x17f d:/nti/sdk_win_64/winavr/bin/../lib/gcc/avr/4.3.3/avr5\libgcc.a(_sf_to_si.o)
 .debug_abbrev  0x0000087e       0xad d:/nti/sdk_win_64/winavr/bin/../lib/gcc/avr/4.3.3/avr5\libgcc.a(_thenan_sf.o)
 .debug_abbrev  0x0000092b       0xc4 d:/nti/sdk_win_64/winavr/bin/../lib/gcc/avr/4.3.3/avr5\libgcc.a(_clzsi2.o)
 .debug_abbrev  0x000009ef      0x1c0 d:/nti/sdk_win_64/winavr/bin/../lib/gcc/avr/4.3.3/avr5\libgcc.a(_pack_sf.o)
 .debug_abbrev  0x00000baf      0x154 d:/nti/sdk_win_64/winavr/bin/../lib/gcc/avr/4.3.3/avr5\libgcc.a(_unpack_sf.o)
 .debug_abbrev  0x00000d03      0x13b d:/nti/sdk_win_64/winavr/bin/../lib/gcc/avr/4.3.3/avr5\libgcc.a(_fpcmp_parts_sf.o)
 .debug_abbrev  0x00000e3e       0x6a d:/nti/sdk_win_64/winavr/bin/../lib/gcc/avr/4.3.3/avr5\libgcc.a(_clz.o)

.debug_line     0x00000000      0xdf9
 *(.debug_line)
 .debug_line    0x00000000       0xa7 d:/nti/sdk_win_64/winavr/bin/../lib/gcc/avr/4.3.3/avr5\libgcc.a(_fixunssfsi.o)
 .debug_line    0x000000a7      0x2af d:/nti/sdk_win_64/winavr/bin/../lib/gcc/avr/4.3.3/avr5\libgcc.a(_addsub_sf.o)
 .debug_line    0x00000356      0x1d5 d:/nti/sdk_win_64/winavr/bin/../lib/gcc/avr/4.3.3/avr5\libgcc.a(_div_sf.o)
 .debug_line    0x0000052b       0xd3 d:/nti/sdk_win_64/winavr/bin/../lib/gcc/avr/4.3.3/avr5\libgcc.a(_ge_sf.o)
 .debug_line    0x000005fe      0x135 d:/nti/sdk_win_64/winavr/bin/../lib/gcc/avr/4.3.3/avr5\libgcc.a(_si_to_sf.o)
 .debug_line    0x00000733      0x109 d:/nti/sdk_win_64/winavr/bin/../lib/gcc/avr/4.3.3/avr5\libgcc.a(_sf_to_si.o)
 .debug_line    0x0000083c       0x90 d:/nti/sdk_win_64/winavr/bin/../lib/gcc/avr/4.3.3/avr5\libgcc.a(_thenan_sf.o)
 .debug_line    0x000008cc       0xa5 d:/nti/sdk_win_64/winavr/bin/../lib/gcc/avr/4.3.3/avr5\libgcc.a(_clzsi2.o)
 .debug_line    0x00000971      0x18a d:/nti/sdk_win_64/winavr/bin/../lib/gcc/avr/4.3.3/avr5\libgcc.a(_pack_sf.o)
 .debug_line    0x00000afb      0x14b d:/nti/sdk_win_64/winavr/bin/../lib/gcc/avr/4.3.3/avr5\libgcc.a(_unpack_sf.o)
 .debug_line    0x00000c46      0x137 d:/nti/sdk_win_64/winavr/bin/../lib/gcc/avr/4.3.3/avr5\libgcc.a(_fpcmp_parts_sf.o)
 .debug_line    0x00000d7d       0x7c d:/nti/sdk_win_64/winavr/bin/../lib/gcc/avr/4.3.3/avr5\libgcc.a(_clz.o)

.debug_frame    0x00000000      0x160
 *(.debug_frame)
 .debug_frame   0x00000000       0x20 d:/nti/sdk_win_64/winavr/bin/../lib/gcc/avr/4.3.3/avr5\libgcc.a(_fixunssfsi.o)
 .debug_frame   0x00000020       0x40 d:/nti/sdk_win_64/winavr/bin/../lib/gcc/avr/4.3.3/avr5\libgcc.a(_addsub_sf.o)
 .debug_frame   0x00000060       0x20 d:/nti/sdk_win_64/winavr/bin/../lib/gcc/avr/4.3.3/avr5\libgcc.a(_div_sf.o)
 .debug_frame   0x00000080       0x20 d:/nti/sdk_win_64/winavr/bin/../lib/gcc/avr/4.3.3/avr5\libgcc.a(_ge_sf.o)
 .debug_frame   0x000000a0       0x20 d:/nti/sdk_win_64/winavr/bin/../lib/gcc/avr/4.3.3/avr5\libgcc.a(_si_to_sf.o)
 .debug_frame   0x000000c0       0x20 d:/nti/sdk_win_64/winavr/bin/../lib/gcc/avr/4.3.3/avr5\libgcc.a(_sf_to_si.o)
 .debug_frame   0x000000e0       0x20 d:/nti/sdk_win_64/winavr/bin/../lib/gcc/avr/4.3.3/avr5\libgcc.a(_clzsi2.o)
 .debug_frame   0x00000100       0x20 d:/nti/sdk_win_64/winavr/bin/../lib/gcc/avr/4.3.3/avr5\libgcc.a(_pack_sf.o)
 .debug_frame   0x00000120       0x20 d:/nti/sdk_win_64/winavr/bin/../lib/gcc/avr/4.3.3/avr5\libgcc.a(_unpack_sf.o)
 .debug_frame   0x00000140       0x20 d:/nti/sdk_win_64/winavr/bin/../lib/gcc/avr/4.3.3/avr5\libgcc.a(_fpcmp_parts_sf.o)

.debug_str      0x00000000      0x2bc
 *(.debug_str)
 .debug_str     0x00000000       0xbf d:/nti/sdk_win_64/winavr/bin/../lib/gcc/avr/4.3.3/avr5\libgcc.a(_fixunssfsi.o)
                                 0xfe (size before relaxing)
 .debug_str     0x000000bf      0x14d d:/nti/sdk_win_64/winavr/bin/../lib/gcc/avr/4.3.3/avr5\libgcc.a(_addsub_sf.o)
                                0x206 (size before relaxing)
 .debug_str     0x0000020c       0x35 d:/nti/sdk_win_64/winavr/bin/../lib/gcc/avr/4.3.3/avr5\libgcc.a(_div_sf.o)
                                0x1c8 (size before relaxing)
 .debug_str     0x00000241        0x8 d:/nti/sdk_win_64/winavr/bin/../lib/gcc/avr/4.3.3/avr5\libgcc.a(_ge_sf.o)
                                0x195 (size before relaxing)
 .debug_str     0x00000249       0x1e d:/nti/sdk_win_64/winavr/bin/../lib/gcc/avr/4.3.3/avr5\libgcc.a(_si_to_sf.o)
                                0x17b (size before relaxing)
 .debug_str     0x00000267        0xa d:/nti/sdk_win_64/winavr/bin/../lib/gcc/avr/4.3.3/avr5\libgcc.a(_sf_to_si.o)
                                0x19e (size before relaxing)
 .debug_str     0x00000000      0x103 d:/nti/sdk_win_64/winavr/bin/../lib/gcc/avr/4.3.3/avr5\libgcc.a(_thenan_sf.o)
 .debug_str     0x00000271       0x20 d:/nti/sdk_win_64/winavr/bin/../lib/gcc/avr/4.3.3/avr5\libgcc.a(_clzsi2.o)
                                0x111 (size before relaxing)
 .debug_str     0x00000291       0x10 d:/nti/sdk_win_64/winavr/bin/../lib/gcc/avr/4.3.3/avr5\libgcc.a(_pack_sf.o)
                                0x19d (size before relaxing)
 .debug_str     0x000002a1        0xb d:/nti/sdk_win_64/winavr/bin/../lib/gcc/avr/4.3.3/avr5\libgcc.a(_unpack_sf.o)
                                0x17f (size before relaxing)
 .debug_str     0x000002ac       0x10 d:/nti/sdk_win_64/winavr/bin/../lib/gcc/avr/4.3.3/avr5\libgcc.a(_fpcmp_parts_sf.o)
                                0x163 (size before relaxing)
 .debug_str     0x00000000       0xf4 d:/nti/sdk_win_64/winavr/bin/../lib/gcc/avr/4.3.3/avr5\libgcc.a(_clz.o)

.debug_loc      0x00000000      0x852
 *(.debug_loc)
 .debug_loc     0x00000000       0x34 d:/nti/sdk_win_64/winavr/bin/../lib/gcc/avr/4.3.3/avr5\libgcc.a(_fixunssfsi.o)
 .debug_loc     0x00000034      0x32a d:/nti/sdk_win_64/winavr/bin/../lib/gcc/avr/4.3.3/avr5\libgcc.a(_addsub_sf.o)
 .debug_loc     0x0000035e       0xc0 d:/nti/sdk_win_64/winavr/bin/../lib/gcc/avr/4.3.3/avr5\libgcc.a(_div_sf.o)
 .debug_loc     0x0000041e       0x3c d:/nti/sdk_win_64/winavr/bin/../lib/gcc/avr/4.3.3/avr5\libgcc.a(_ge_sf.o)
 .debug_loc     0x0000045a       0xac d:/nti/sdk_win_64/winavr/bin/../lib/gcc/avr/4.3.3/avr5\libgcc.a(_si_to_sf.o)
 .debug_loc     0x00000506       0x7e d:/nti/sdk_win_64/winavr/bin/../lib/gcc/avr/4.3.3/avr5\libgcc.a(_sf_to_si.o)
 .debug_loc     0x00000584       0x94 d:/nti/sdk_win_64/winavr/bin/../lib/gcc/avr/4.3.3/avr5\libgcc.a(_clzsi2.o)
 .debug_loc     0x00000618      0x13e d:/nti/sdk_win_64/winavr/bin/../lib/gcc/avr/4.3.3/avr5\libgcc.a(_pack_sf.o)
 .debug_loc     0x00000756       0xac d:/nti/sdk_win_64/winavr/bin/../lib/gcc/avr/4.3.3/avr5\libgcc.a(_unpack_sf.o)
 .debug_loc     0x00000802       0x50 d:/nti/sdk_win_64/winavr/bin/../lib/gcc/avr/4.3.3/avr5\libgcc.a(_fpcmp_parts_sf.o)

.debug_macinfo
 *(.debug_macinfo)
OUTPUT(RTOS_Project.elf elf32-avr)
LOAD linker stubs
